[budget-b-final] baseline balance $17.0220  cap: stop at $9.00 spent
[1/12] raw   Silvermoon City  ->  C:\wt\cg\cast\_scenes\silvermoon_city\raw.png  spent=$0.2800/9.00
[1/12] baked Silvermoon City  ->  C:\wt\cg\cast\_scenes\silvermoon_city\baked.png  (preview: C:\Users\zachf\OneDrive\Documents\WoW Server Stuff\Diven WoW Guild Board\WoW_Skill_Issues_Guild_Board\previews\scene_silvermoon_city_baked.png)  characters=['Rakdisc', 'Enyò', 'Ohnomyais']  cutouts=['cast/rakdisc-proudmoore/one_piece/board.png', 'cast/enyò-area-52/one_piece/board.png', 'cast/ohnomyais-area-52/one_piece/board.png']  spent=$0.2800/9.00
[2/12] raw   Stormwind City  ->  C:\wt\cg\cast\_scenes\stormwind_city\raw.png  spent=$0.2800/9.00
[2/12] FAIL baked Stormwind City (status=IN_PROGRESS body={"delayTime": 4044, "id": "sync-416082dc-11e6-4ccf-91a9-934d9e377b8f-u1", "status": "IN_PROGRESS", "workerId": "fo67d0m80tnbfo"})
[3/12] raw   Orgrimmar  ->  C:\wt\cg\cast\_scenes\orgrimmar\raw.png  spent=$0.7000/9.00
[3/12] baked Orgrimmar  ->  C:\wt\cg\cast\_scenes\orgrimmar\baked.png  (preview: C:\Users\zachf\OneDrive\Documents\WoW Server Stuff\Diven WoW Guild Board\WoW_Skill_Issues_Guild_Board\previews\scene_orgrimmar_baked.png)  characters=['Rexxhavocc', 'Boondocka', 'Ellebasi']  cutouts=['cast/rexxhavocc-area-52/one_piece/board.png', 'cast/boondocka-hydraxis/one_piece/board.png', 'cast/ellebasi-malganis/one_piece/board.png']  spent=$1.2600/9.00
[4/12] raw   The Dark Portal  ->  C:\wt\cg\cast\_scenes\dark_portal\raw.png  spent=$1.2600/9.00
[4/12] FAIL baked The Dark Portal (status=IN_PROGRESS body={"delayTime": 3903, "id": "sync-699240e2-aafb-4f2a-b770-fd8521f7c91b-u1", "status": "IN_PROGRESS", "workerId": "ova43b2ooif88b"})
[5/12] raw   Dalaran  ->  C:\wt\cg\cast\_scenes\dalaran\raw.png  spent=$1.8200/9.00
[5/12] baked Dalaran  ->  C:\wt\cg\cast\_scenes\dalaran\baked.png  (preview: C:\Users\zachf\OneDrive\Documents\WoW Server Stuff\Diven WoW Guild Board\WoW_Skill_Issues_Guild_Board\previews\scene_dalaran_baked.png)  characters=['Rhansîck', 'Buchalter', 'Kelova']  cutouts=['cast/rhansìk-area-52/one_piece/board.png', 'cast/buchalter-area-52/one_piece/board.png', 'cast/kelova-stormrage/one_piece/board.png']  spent=$1.8200/9.00
[6/12] raw   Icecrown Citadel  ->  C:\wt\cg\cast\_scenes\icecrown_citadel\raw.png  spent=$1.8200/9.00
[6/12] baked Icecrown Citadel  ->  C:\wt\cg\cast\_scenes\icecrown_citadel\baked.png  (preview: C:\Users\zachf\OneDrive\Documents\WoW Server Stuff\Diven WoW Guild Board\WoW_Skill_Issues_Guild_Board\previews\scene_icecrown_citadel_baked.png)  characters=['Shadoxii', 'Shadoxi', 'Aiime']  cutouts=['cast/shadoxii-illidan/one_piece/board.png', 'cast/shadoxi-illidan/one_piece/board.png', 'cast/aiime-bleeding-hollow/one_piece/board.png']  spent=$2.8000/9.00
[7/12] raw   Elwynn Forest  ->  C:\wt\cg\cast\_scenes\elwynn_forest\raw.png  spent=$2.8000/9.00
[7/12] baked Elwynn Forest  ->  C:\wt\cg\cast\_scenes\elwynn_forest\baked.png  (preview: C:\Users\zachf\OneDrive\Documents\WoW Server Stuff\Diven WoW Guild Board\WoW_Skill_Issues_Guild_Board\previews\scene_elwynn_forest_baked.png)  characters=['Healyeah', 'Arfas']  cutouts=['cast/healyeah-queldorei/one_piece/board.png', 'cast/arfas-queldorei/one_piece/board.png']  spent=$2.8000/9.00
[8/12] raw   Mount Hyjal / World Tree  ->  C:\wt\cg\cast\_scenes\mount_hyjal\raw.png  spent=$2.8000/9.00
[8/12] baked Mount Hyjal / World Tree  ->  C:\wt\cg\cast\_scenes\mount_hyjal\baked.png  (preview: C:\Users\zachf\OneDrive\Documents\WoW Server Stuff\Diven WoW Guild Board\WoW_Skill_Issues_Guild_Board\previews\scene_mount_hyjal_baked.png)  characters=['Healmates', 'Tinyx']  cutouts=['cast/healmates-korgath/one_piece/board.png', 'cast/tinyx-bleeding-hollow/one_piece/board.png']  spent=$2.8000/9.00
[9/12] raw   Ironforge  ->  C:\wt\cg\cast\_scenes\ironforge\raw.png  spent=$4.2000/9.00
[9/12] baked Ironforge  ->  C:\wt\cg\cast\_scenes\ironforge\baked.png  (preview: C:\Users\zachf\OneDrive\Documents\WoW Server Stuff\Diven WoW Guild Board\WoW_Skill_Issues_Guild_Board\previews\scene_ironforge_baked.png)  characters=['Kegsmashroll', 'Flogeron', 'Yur']  cutouts=['cast/kegsmashroll-stormrage/one_piece/board.png', 'cast/flogeron-area-52/one_piece/board.png', 'cast/yur-whisperwind/one_piece/board.png']  spent=$4.2000/9.00
[10/12] raw   Caverns of Time / Tanaris  ->  C:\wt\cg\cast\_scenes\caverns_of_time\raw.png  spent=$4.2000/9.00
[10/12] FAIL baked Caverns of Time / Tanaris (status=IN_PROGRESS body={"delayTime": 133, "id": "sync-0d2e96e3-d568-48f4-b1f5-6c1ec3f44948-u2", "status": "IN_PROGRESS", "workerId": "j7d3kgjy57l0mo"})
[11/12] raw   Un'Goro Crater  ->  C:\wt\cg\cast\_scenes\ungoro_crater\raw.png  spent=$5.1800/9.00
[11/12] baked Un'Goro Crater  ->  C:\wt\cg\cast\_scenes\ungoro_crater\baked.png  (preview: C:\Users\zachf\OneDrive\Documents\WoW Server Stuff\Diven WoW Guild Board\WoW_Skill_Issues_Guild_Board\previews\scene_ungoro_crater_baked.png)  characters=['Amrevenge', 'Floofwall']  cutouts=['cast/amrevenge-stormrage/one_piece/board.png', 'cast/floofwall-queldorei/one_piece/board.png']  spent=$5.1800/9.00

[done] Budget B (final scenes) spend: $5.1800 (baseline $17.0220 -> $11.8420)
[done] raw=12 baked=9 failed=3
