[budget-a] baseline balance $25.7490  cap: stop at $9.00 spent
[1/53] skip  aiime-bleeding-hollow (already fixed)
[2/53] fixed aimme-bleeding-hollow  cutout_ratio=104.2%  balance=$25.7490  spent=$0.0000/9.00
[3/53] fixed anbux-bleeding-hollow  cutout_ratio=98.7%  balance=$25.7490  spent=$0.0000/9.00
[4/53] fixed balcmeg-queldorei  cutout_ratio=99.8%  balance=$25.4690  spent=$0.2800/9.00
[5/53] fixed beroben-queldorei  cutout_ratio=99.9%  balance=$25.4690  spent=$0.2800/9.00
[6/53] fixed botso-bleeding-hollow  cutout_ratio=99.8%  balance=$25.4690  spent=$0.2800/9.00
[7/53] fixed breakdruid-area-52  cutout_ratio=99.7%  balance=$25.4690  spent=$0.2800/9.00
[8/53] fixed buchalter-area-52  cutout_ratio=99.7%  balance=$25.4690  spent=$0.2800/9.00
[9/53] fixed danethegreat-area-52  cutout_ratio=99.5%  balance=$24.7690  spent=$0.9800/9.00
[10/53] fixed dathar-area-52  cutout_ratio=99.7%  balance=$24.7690  spent=$0.9800/9.00
[11/53] fixed dragoonx-bleeding-hollow  cutout_ratio=99.6%  balance=$24.7690  spent=$0.9800/9.00
[12/53] fixed ellebasi-malganis  cutout_ratio=99.7%  balance=$24.7690  spent=$0.9800/9.00
[13/53] fixed flemel-area-52  cutout_ratio=100.0%  balance=$24.7690  spent=$0.9800/9.00
[14/53] fixed fluffy-korgath  cutout_ratio=99.8%  balance=$24.0690  spent=$1.6800/9.00
[15/53] fixed glinkz-wyrmrest-accord  cutout_ratio=99.8%  balance=$24.0690  spent=$1.6800/9.00
[16/53] fixed grëywolf-eldrethalas  cutout_ratio=99.5%  balance=$23.3690  spent=$2.3800/9.00
[17/53] fixed healmates-korgath  cutout_ratio=99.6%  balance=$23.3690  spent=$2.3800/9.00
[18/53] fixed healyeah-queldorei  cutout_ratio=99.6%  balance=$23.3690  spent=$2.3800/9.00
[19/53] fixed hellful-lightnings-blade  cutout_ratio=99.1%  balance=$23.3690  spent=$2.3800/9.00
[20/53] fixed holyx-bleeding-hollow  cutout_ratio=99.7%  balance=$23.3690  spent=$2.3800/9.00
[21/53] fixed huntlowx-bleeding-hollow  cutout_ratio=99.4%  balance=$22.6690  spent=$3.0800/9.00
[22/53] fixed iamdapopemon-area-52  cutout_ratio=99.8%  balance=$22.6690  spent=$3.0800/9.00
[23/53] fixed impkiller-tichondrius  cutout_ratio=99.7%  balance=$22.6690  spent=$3.0800/9.00
[24/53] fixed imshaman-bleeding-hollow  cutout_ratio=99.6%  balance=$22.6690  spent=$3.0800/9.00
[25/53] fixed kirrá-aggramar  cutout_ratio=99.5%  balance=$22.6690  spent=$3.0800/9.00
[26/53] fixed kreleran-bleeding-hollow  cutout_ratio=99.7%  balance=$21.9690  spent=$3.7800/9.00
[27/53] fixed martylol-illidan  cutout_ratio=99.5%  balance=$21.9690  spent=$3.7800/9.00
[28/53] fixed mushabi-anubarak  cutout_ratio=99.5%  balance=$21.9690  spent=$3.7800/9.00
[29/53] fixed nivella-dawnbringer  cutout_ratio=99.7%  balance=$21.9690  spent=$3.7800/9.00
[30/53] fixed nokori-proudmoore  cutout_ratio=99.7%  balance=$20.9620  spent=$4.7870/9.00
[31/53] fixed nythrael-kargath  cutout_ratio=99.4%  balance=$20.9620  spent=$4.7870/9.00
[32/53] fixed obstorm-earthen-ring  cutout_ratio=99.8%  balance=$20.9620  spent=$4.7870/9.00
[33/53] fixed ohnomyais-area-52  cutout_ratio=99.6%  balance=$20.9620  spent=$4.7870/9.00
[34/53] fixed onetruemorty-area-52  cutout_ratio=99.7%  balance=$20.2420  spent=$5.5070/9.00
[35/53] fixed orx-bleeding-hollow  cutout_ratio=99.6%  balance=$20.2420  spent=$5.5070/9.00
[36/53] fixed oynax-bleeding-hollow  cutout_ratio=99.5%  balance=$20.2420  spent=$5.5070/9.00
[37/53] fixed ragedx-bleeding-hollow  cutout_ratio=99.8%  balance=$20.2420  spent=$5.5070/9.00
[38/53] fixed rougex-bleeding-hollow  cutout_ratio=99.7%  balance=$19.5420  spent=$6.2070/9.00
[39/53] fixed scounddrel-maelstrom  cutout_ratio=99.7%  balance=$19.5420  spent=$6.2070/9.00
[40/53] fixed shamanmates-korgath  cutout_ratio=99.6%  balance=$19.5420  spent=$6.2070/9.00
[41/53] fixed shamnos-bleeding-hollow  cutout_ratio=99.8%  balance=$19.5420  spent=$6.2070/9.00
[42/53] fixed sidarien-eitrigg  cutout_ratio=99.5%  balance=$18.8420  spent=$6.9070/9.00
[43/53] fixed sinistrad-stormrage  cutout_ratio=99.8%  balance=$18.8420  spent=$6.9070/9.00
[44/53] fixed tarvos-bleeding-hollow  cutout_ratio=99.7%  balance=$18.8420  spent=$6.9070/9.00
[45/53] fixed thunderbloom-mannoroth  cutout_ratio=99.7%  balance=$18.8420  spent=$6.9070/9.00
[46/53] fixed tinyx-bleeding-hollow  cutout_ratio=99.6%  balance=$18.8420  spent=$6.9070/9.00
[47/53] fixed tommybravo-bleeding-hollow  cutout_ratio=99.7%  balance=$18.1420  spent=$7.6070/9.00
[48/53] fixed tommybravoox-bleeding-hollow  cutout_ratio=99.7%  balance=$18.1420  spent=$7.6070/9.00
[49/53] fixed trollimon-sargeras  cutout_ratio=99.7%  balance=$18.1420  spent=$7.6070/9.00
[50/53] fixed târheel-shuhalo  cutout_ratio=99.1%  balance=$18.1420  spent=$7.6070/9.00
[51/53] fixed uddershock-queldorei  cutout_ratio=99.5%  balance=$18.1420  spent=$7.6070/9.00
[52/53] fixed xavira-proudmoore  cutout_ratio=99.6%  balance=$18.1420  spent=$7.6070/9.00
[53/53] fixed yur-whisperwind  cutout_ratio=104.7%  balance=$17.3020  spent=$8.4470/9.00

[done] Budget A actual spend: $8.4470 (baseline $25.7490 -> $17.3020)
[done] fixed=53 failed=0
